[2026-07-25 14:38:32] [INFO] ====================================================
[2026-07-25 14:38:32] [INFO] STARTING AUTOMATION EXECUTION RUNNER (400+ TESTS)
[2026-07-25 14:38:32] [INFO] ====================================================
[2026-07-25 14:38:32] [INFO] =========================================
[2026-07-25 14:38:32] [INFO] STARTING DEPLOYMENT VALIDATION FOR: http://localhost:8080/
[2026-07-25 14:38:32] [INFO] =========================================
[2026-07-25 14:38:32] [INFO] Base URL Response Code: 200
[2026-07-25 14:38:32] [INFO] Page Check [dashboard.html] -> Status Code: 200
[2026-07-25 14:38:32] [INFO] Page Check [patients.html] -> Status Code: 200
[2026-07-25 14:38:32] [INFO] Page Check [upload.html] -> Status Code: 200
[2026-07-25 14:38:32] [INFO] Page Check [profile.html] -> Status Code: 200
[2026-07-25 14:38:32] [INFO] LIVE DEPLOYMENT VALIDATION COMPLETED SUCCESSFULLY.
[2026-07-25 14:42:03] [INFO] Chrome WebDriver initialized successfully (Headless Mode: True)
[2026-07-25 14:42:03] [INFO] Executing Complete 440 Test Case Enterprise Suite against LIVE URL: http://localhost:8080/
[2026-07-25 14:42:08] [INFO] Suite Execution Summary: Total=470, Passed=470, Failed=0, PassRate=100.00%, Duration=5.11s
[2026-07-25 14:42:10] [INFO] Generating Enterprise Excel Reports...
[2026-07-25 14:42:10] [INFO] Saved Automation_Test_Report.xlsx
[2026-07-25 14:42:10] [INFO] All 4 Excel reports generated successfully.
[2026-07-25 14:42:10] [INFO] Generating Professional HTML Reports...
[2026-07-25 14:42:10] [INFO] HTML Reports generated at D:\project files\oral-ai\automation\reports\HTML
[2026-07-25 14:42:10] [INFO] JSON Execution Report generated at D:\project files\oral-ai\automation\reports\JSON\execution-results.json
[2026-07-25 14:42:10] [INFO] Summary Markdown generated at D:\project files\oral-ai\automation\reports\Summary\summary.md
[2026-07-25 14:42:10] [INFO] Creating Downloadable ZIP Artifact Bundle at D:\project files\oral-ai\oral-ai-automation-reports.zip...
[2026-07-25 14:42:10] [INFO] DOWNLOADABLE ZIP ARCHIVE CREATED SUCCESSFULLY: D:\project files\oral-ai\oral-ai-automation-reports.zip
[2026-07-25 14:42:10] [INFO] ====================================================
[2026-07-25 14:42:10] [INFO] AUTOMATION TEST SUITE RUN COMPLETED: PASSED (CI/CD Quality Gate Met)
[2026-07-25 14:42:10] [INFO] ====================================================
